// Jest Snapshot v1, https://goo.gl/fbAQLP

exports[`App component renders App component 1`] = `
<TopQuotes
  count={10}
/>
`;
